// Jest Snapshot v1, https://goo.gl/fbAQLP

exports[`<Companies /> renders list of company links 1`] = `
<Fragment>
  <div
    aria-owns="id"
    className="heading"
  >
    Your companies
  </div>
  <MenuList
    id="id"
    spacing={0}
  >
    <CompanyLink
      company={
        Object {
          "id": 1,
          "name": "Dummy company",
        }
      }
      isActive={false}
      key="1"
      onClick={[Function]}
    />
    <CompanyLink
      company={
        Object {
          "id": 2,
          "name": "Smarty company",
        }
      }
      isActive={false}
      key="2"
      onClick={[Function]}
    />
  </MenuList>
</Fragment>
`;
